
================================================================================
CUSTOMER MATCHING TEST - LLM Pipeline
================================================================================
File                           Expected Account     Actual Account       Status
--------------------------------------------------------------------------------
[OK] OpenAI client initialized (GPT-4o-mini for vision + text extraction)
Loaded databases from cache
Successfully converted PDF page 1 to image using PyMuPDF: (1233, 1585) (processed 1 pages)
GPT-4o-mini Vision successfully extracted text from image
Parallel processing failed: 'charmap' codec can't encode character '\u274c' in position 0: character maps to <undefined>
IWTS03986860.pdf               854                  ERROR: Error processing document: 'charmap' codec can't encode character '\u274c' in position 0: character maps to <undefined> [X]
Successfully converted PDF page 1 to image using PyMuPDF: (1584, 1224) (processed 1 pages)
GPT-4o-mini Vision successfully extracted text from image
Parallel processing failed: 'charmap' codec can't encode character '\u274c' in position 0: character maps to <undefined>
airliquide89609717.PDF         413                  ERROR: Error processing document: 'charmap' codec can't encode character '\u274c' in position 0: character maps to <undefined> [X]
Successfully converted PDF page 1 to image using PyMuPDF: (1224, 1584) (processed 1 pages)
GPT-4o-mini Vision successfully extracted text from image
Parallel processing failed: 'charmap' codec can't encode character '\u274c' in position 0: character maps to <undefined>
alltex65700.pdf                1105                 ERROR: Error processing document: 'charmap' codec can't encode character '\u274c' in position 0: character maps to <undefined> [X]
Successfully converted PDF page 1 to image using PyMuPDF: (1233, 1585) (processed 1 pages)
GPT-4o-mini Vision successfully extracted text from image
Parallel processing failed: 'charmap' codec can't encode character '\u274c' in position 0: character maps to <undefined>
centralmcgowan00664002.pdf     631                  ERROR: Error processing document: 'charmap' codec can't encode character '\u274c' in position 0: character maps to <undefined> [X]
Successfully converted PDF page 1 to image using PyMuPDF: (1220, 1446) (processed 1 pages)
GPT-4o-mini Vision successfully extracted text from image
Parallel processing failed: 'charmap' codec can't encode character '\u274c' in position 0: character maps to <undefined>
holston1.PDF                   MISSING (no good match) ERROR: Error processing document: 'charmap' codec can't encode character '\u274c' in position 0: character maps to <undefined> [X]
================================================================================
